powershell : Processing 
-File 'D:\Work\assets' 
failed because the file 
does not have a '.ps1' 
extension. Specify a valid 
Windows PowerShell script 
file name, and then try 
again.
At line:1 char:1
+ powershell 
-ExecutionPolicy Bypass 
-File D:\Work\assets 
outer\test\Se ...
+ ~~~~~~~~~~~~~~~~~~~~~~~~~
~~~~~~~~~~~~~~~~~~~~~~~~~~~
~~~~~~~~~~~~~~~~~
    + CategoryInfo         
     : NotSpecified: (Pro  
  cessing -Fil...then tr   
 y again.:String) [], R    
emoteException
    + FullyQualifiedErrorI 
   d : NativeCommandError
 
Windows PowerShell
Copyright (C) Microsoft Corporation. All rights reserved.

Install the latest PowerShell for new features and improvements! https://aka.ms/PSWindows

