🚀 Starting SessionFlow Local Testing Protocol...

[TEST 1] Initiating Database Authentication Handshake...
❌ FAILED: Backend server is unreachable. Is `dotnet run` executing? fetch failed

=================================
       TEST SUITE RESULTS        
=================================

❌ [FAIL] Backend Connection - ECONNREFUSED

Final Diagnosis: 0/1 tests passed successfully.
